[    4264ms] [INFO] %cDownload the React DevTools for a better development experience: https://react.dev/link/react-devtools font-weight:bold @ http://localhost:3000/_next/static/chunks/node_modules_next_dist_f3530cac._.js:2297
[    4311ms] [LOG] [HMR] connected @ http://localhost:3000/_next/static/chunks/node_modules_next_dist_f3530cac._.js:2297
[    4435ms] [LOG] [Fast Refresh] rebuilding @ http://localhost:3000/_next/static/chunks/node_modules_next_dist_f3530cac._.js:2297
[    4599ms] [LOG] [Fast Refresh] done in 266ms @ http://localhost:3000/_next/static/chunks/node_modules_next_dist_f3530cac._.js:2297
[    9601ms] [LOG] Push notification support detected. Registering SW... @ http://localhost:3000/_next/static/chunks/node_modules_next_dist_f3530cac._.js:2297
[    9606ms] [LOG] Service Worker Registered successfully @ http://localhost:3000/_next/static/chunks/node_modules_next_dist_f3530cac._.js:2297
[    9610ms] [LOG] Syncing subscription to Supabase for identity: me @ http://localhost:3000/_next/static/chunks/node_modules_next_dist_f3530cac._.js:2297
[   20080ms] [ERROR] Failed to load resource: the server responded with a status of 403 (Forbidden) @ http://localhost:3000/api/push/subscription:0
[   20081ms] [WARNING] [Push Sync] Network issue, retrying in 5s... (Attempt 1/3) @ http://localhost:3000/_next/static/chunks/node_modules_next_dist_f3530cac._.js:2297
[   31165ms] [ERROR] Failed to load resource: the server responded with a status of 403 (Forbidden) @ http://localhost:3000/api/push/subscription:0
[   31166ms] [WARNING] [Push Sync] Network issue, retrying in 10s... (Attempt 2/3) @ http://localhost:3000/_next/static/chunks/node_modules_next_dist_f3530cac._.js:2297
[   48035ms] [ERROR] Failed to load resource: the server responded with a status of 403 (Forbidden) @ http://localhost:3000/api/push/subscription:0
[   48037ms] [WARNING] [Push Sync] Network issue, retrying in 20s... (Attempt 3/3) @ http://localhost:3000/_next/static/chunks/node_modules_next_dist_f3530cac._.js:2297
[   79948ms] [ERROR] Failed to load resource: the server responded with a status of 403 (Forbidden) @ http://localhost:3000/api/push/subscription:0
[   79949ms] [WARNING] [Push Sync] Failed after 3 retries, deferring to next page load. @ http://localhost:3000/_next/static/chunks/node_modules_next_dist_f3530cac._.js:2297
[  242533ms] [LOG] [Fast Refresh] rebuilding @ http://localhost:3000/_next/static/chunks/node_modules_next_dist_f3530cac._.js:2297
[  242663ms] [LOG] Push notification support detected. Registering SW... @ http://localhost:3000/_next/static/chunks/node_modules_next_dist_f3530cac._.js:2297
[  242675ms] [LOG] Service Worker Registered successfully @ http://localhost:3000/_next/static/chunks/node_modules_next_dist_f3530cac._.js:2297
[  242676ms] [LOG] [Fast Refresh] done in 216ms @ http://localhost:3000/_next/static/chunks/node_modules_next_dist_f3530cac._.js:2297
[  242681ms] [LOG] Syncing subscription to Supabase for identity: me @ http://localhost:3000/_next/static/chunks/node_modules_next_dist_f3530cac._.js:2297
[  248932ms] [ERROR] Failed to load resource: the server responded with a status of 403 (Forbidden) @ http://localhost:3000/api/push/subscription:0
[  248932ms] [WARNING] [Push Sync] Network issue, retrying in 5s... (Attempt 1/3) @ http://localhost:3000/_next/static/chunks/node_modules_next_dist_f3530cac._.js:2297
[  257770ms] [ERROR] Failed to load resource: the server responded with a status of 403 (Forbidden) @ http://localhost:3000/api/push/subscription:0
[  257771ms] [WARNING] [Push Sync] Network issue, retrying in 10s... (Attempt 2/3) @ http://localhost:3000/_next/static/chunks/node_modules_next_dist_f3530cac._.js:2297
[  270110ms] [WARNING] [Push Sync] Network issue, retrying in 20s... (Attempt 3/3) @ http://localhost:3000/_next/static/chunks/node_modules_next_dist_f3530cac._.js:2297
[  270207ms] [INFO] %cDownload the React DevTools for a better development experience: https://react.dev/link/react-devtools font-weight:bold @ http://localhost:3000/_next/static/chunks/node_modules_next_dist_f3530cac._.js:2297
[  270259ms] [LOG] [HMR] connected @ http://localhost:3000/_next/static/chunks/node_modules_next_dist_f3530cac._.js:2297
[  287584ms] [LOG] Push notification support detected. Registering SW... @ http://localhost:3000/_next/static/chunks/node_modules_next_dist_f3530cac._.js:2297
[  287586ms] [LOG] Service Worker Registered successfully @ http://localhost:3000/_next/static/chunks/node_modules_next_dist_f3530cac._.js:2297
[  287593ms] [LOG] Syncing subscription to Supabase for identity: me @ http://localhost:3000/_next/static/chunks/node_modules_next_dist_f3530cac._.js:2297
[  311809ms] [VERBOSE] [DOM] Password field is not contained in a form: (More info: https://goo.gl/9p2vKq) %o @ http://localhost:3000/settings:0
[  325952ms] [WARNING] [Push Sync] Network issue, retrying in 5s... (Attempt 1/3) @ http://localhost:3000/_next/static/chunks/node_modules_next_dist_f3530cac._.js:2297
[  326050ms] [INFO] %cDownload the React DevTools for a better development experience: https://react.dev/link/react-devtools font-weight:bold @ http://localhost:3000/_next/static/chunks/node_modules_next_dist_f3530cac._.js:2297
[  326090ms] [LOG] [HMR] connected @ http://localhost:3000/_next/static/chunks/node_modules_next_dist_f3530cac._.js:2297
[  328366ms] [VERBOSE] [DOM] Input elements should have autocomplete attributes (suggested: "current-password"): (More info: https://goo.gl/9p2vKq) %o @ http://localhost:3000/login:0
